// Jest Snapshot v1, https://goo.gl/fbAQLP

exports[`should fetch an example from atlaskit 1`] = `
Object {
  "dependencies": Object {
    "@atlaskit/avatar": "latest",
    "@atlaskit/theme": "^2.4.0",
    "react": "15.6.0 - 16.2.0",
    "react-dom": "15.6.0 - 16.2.0",
    "styled-components": "1.4.6 - 3",
  },
  "files": Object {
    "example.js": Object {
      "content": "// @flow
import React from 'react';
import Avatar from '@atlaskit/avatar';
import { Block, Gap } from './packages/elements/avatar/examples-util/helpers';

export default () => (
  <div>
    <Block heading=\\"Circle\\">
      <Avatar name=\\"xxlarge\\" size=\\"xxlarge\\" />
      <Gap />
      <Avatar name=\\"xlarge\\" size=\\"xlarge\\" presence=\\"online\\" />
      <Gap />
      <Avatar name=\\"large\\" size=\\"large\\" presence=\\"offline\\" />
      <Gap />
      <Avatar name=\\"medium\\" size=\\"medium\\" presence=\\"busy\\" />
      <Gap />
      <Avatar name=\\"small\\" size=\\"small\\" presence=\\"focus\\" />
      <Gap />
      <Avatar name=\\"xsmall\\" size=\\"xsmall\\" />
    </Block>
    <Block heading=\\"Square\\">
      <Avatar appearance=\\"square\\" name=\\"xxlarge\\" size=\\"xxlarge\\" />
      <Gap />
      <Avatar
        appearance=\\"square\\"
        name=\\"xlarge\\"
        size=\\"xlarge\\"
        status=\\"approved\\"
      />
      <Gap />
      <Avatar appearance=\\"square\\" name=\\"large\\" size=\\"large\\" status=\\"declined\\" />
      <Gap />
      <Avatar appearance=\\"square\\" name=\\"medium\\" size=\\"medium\\" status=\\"locked\\" />
      <Gap />
      <Avatar appearance=\\"square\\" name=\\"small\\" size=\\"small\\" />
      <Gap />
      <Avatar appearance=\\"square\\" name=\\"xsmall\\" size=\\"xsmall\\" />
    </Block>
  </div>
);
",
    },
    "index.html": Object {
      "content": "<div id=\\"root\\"></div>",
    },
    "index.js": Object {
      "content": "/**
  This CodeSandbox has been automatically generated using a cool tool.

  This generator does not follow relative imports beyond those that reference the
  module root, and as such, other relative imports may fail to load.

  If you are experiencing difficulty contact @noviny on twitter
*/
import React from 'react';
import ReactDOM from 'react-dom';
import Example from './example';

ReactDOM.render(
<Example />,
document.getElementById('root')
);",
    },
    "package.json": Object {
      "content": "{
  \\"name\\": \\"simple-example\\",
  \\"version\\": \\"0.0.0\\",
  \\"description\\": \\"A simple example deployed to CodeSandbox\\",
  \\"main\\": \\"index.js\\",
  \\"dependencies\\": {\\"react\\":\\"15.6.0 - 16.2.0\\",\\"@atlaskit/avatar\\":\\"latest\\",\\"styled-components\\":\\"1.4.6 - 3\\",\\"@atlaskit/theme\\":\\"^2.4.0\\",\\"react-dom\\":\\"15.6.0 - 16.2.0\\"}
}",
    },
    "packages/elements/avatar/examples-util/helpers.js": Object {
      "content": "// @flow
import React from 'react';
import type { Node } from 'react';
import styled from 'styled-components';
import { colors, math, gridSize } from '@atlaskit/theme';

const Wrapper = styled.div\`
  margin-top: \${gridSize}px;
\`;

const ChildrenWrapper = styled.div\`
  align-items: baseline;
  color: \${colors.text};
  display: flex;

  > * {
    margin-right: \${gridSize}px;
  }
\`;

export const Note = styled.p\`
  color: \${colors.N100};
  font-size: \${props => (props.size === 'large' ? '1.15em' : '0.9rem')};
  margin-top: \${math.divide(gridSize, 2)}px;
  margin-bottom: \${math.multiply(gridSize, 2)}px;
\`;

export const Code = styled.code\`
  background-color: \${colors.R50};
  border-radius: 0.2em;
  color: \${colors.R400};
  font-size: 0.85em;
  line-height: 1.1;
  padding: 0.1em 0.4em;
\`;

export const Gap = styled.span\`
  margin-right: \${gridSize}px;
\`;
// $FlowFixMe
export const Dot = styled(Gap)\`
  height: \${math.multiply(gridSize, 3)}px;
  width: \${math.multiply(gridSize, 3)}px;
\`;
export const Heading = styled.div\`
  color: \${colors.subtleHeading};
  display: flex;
  font-size: 0.8rem;
  font-weight: 500;
  margin-bottom: 0.5em;
  text-transform: uppercase;
\`;

export const Block = ({
  children,
  heading,
}: {
  children: ?Node,
  heading?: string,
}) => (
  <Wrapper>
    {heading ? <Heading>{heading}</Heading> : null}
    <ChildrenWrapper>{children}</ChildrenWrapper>
  </Wrapper>
);
",
    },
  },
  "parameters": "N4IgZglgNgpgziAXKCA7AJjAHgOgBYAuAtlEqAMYD2qBMNSIAPOhAG4AEE6AvADogAnSpQL8AfIwD0LVmJABfADQg0mXACsEyEFRp0CDSQCojvVO3YAVPBDjsAwpUwBlAIYYARpSzs8rux4wdOyuAK4ElESuBBDkrlBQAJ7sAOZ0MALRMOjsoXBoKSHsVJRQ7BGlOGZmFta2qemZEQLs6JTw7Kgi7GClUJQA7uwCMFDRbDCcRAAOlAIEATCJ1DkEeJRwk2vRwzBgGXTkW3gwNexETqGww8IEiiEYIXZwoeR49yInLSNjMayTEBmcwW51cyTArmg5Uo7H6rnQVVQZwAkmB2MtQiERuxsNMMhBDgVWhAwJByFcCMldARXOQCOwAAJdVhoZLUcoDCAEWgCMxGSRmQGzebsABKMFp9LAQiI7AA5CNJXKANyCoEi8WSgAiAHkALI9GXyxV0gC0bSIKrVwvpAFEsK4ZtdpZF5ThJNhHdNYFakahNXTdXqcCMMBkABRmRj2r3XSRiRRmNrkoj6HBpAi22CpmgAIUSyPQ4YVtzlAEozGXlQplJ6nTAcJoyDpqLR6IgQJJJIywP0BtbgWKJXTDa6FcOCL6hYOAIKsaKuFou2VyhnRMZwADWXMkrnnNIEU_V9OA7Fz_XIm_uAHFXNN2PJRyv3dNaZvXGk4B7s_ov3uFwIHoOvWcCmuE0CSCcUB4gIcC-mYuKDpgEIUuw4Zluw3BiGhZzMGwYhnBYjDnpQl6-BKLCoCkfAgPYEACOQsDiIRFjsIwc4AZ0jowDRWBYGMAhpPw7D5AAXjx_B8QJQkgOw8YsURt73vJ5isURHEHlxqa8dJpyyWJEkgPxi4yew0wjJsqBHDR1BQGgelyQRqlqYwSmOQpbEaYuWmGbpwkGTRfmyeZ8CHIZlCknZqAOSpamKXe7nOax7H7t5qDcTRqYsKERD-RA4mZdkEA5cJIWWdZ_AeHkiTCbFcWuQldUuV5LTpdp_BwFECR5QVHVdVApUWWFNG9OScC1U5cVsW5TXJS1Pm8Z18QDfp-WGVgS3dbJs1SCRl6Tcle2buR8IFDRzgAI6hIuekHc1qUtHeeKLu4FUgHAV03cJbXrcZgkOQFkl_aZs3xcpd1zQ9HkWE9EqZFZhkfddIz8NDC2SUFaOA0ZmNJWpcA0gQeQ0U9Qj_OgqN44lU0NeDHkpZxsMvQjNFI19sk_YFJkA2tXP_f5hPE_wmCMfZFPbRDYPU_V81M_Db1syjHMZfwWXFblq29SAaslfpgtwIFpGbtkE30zNkueQ9ITTM98uI59Svo-9_U9YjLsS2bjUWwzmly699vIw5nOSZtK0ibzIfu9LRGSEdB1SDITlVmYNYgK-l4fvA34wDmCy7g9QGxvAYExFAkGjDBcCNloFCtvohjdgyvaDAOGoTk-xoTkeNrlIkeLsKeAByTiTI-y6d0qqqoNOIoE4ksA5OPcpzwvppUEC0U0HBU8zyexSlHMcD3FEaz3CkAhcM4a0Ph3q7rv424EJIaw5zA8FWdQBPsAA6pkNsZJhESlIF44BkAAAzOFEQSaBTQRGmIgdgAASYA59L5rXkNMLAU8wFTzMLoL-9gbBQHQKGX-sMWjcCAfPbIoC2AQNUvECAKRUCmi5DnOACCPD-FGPZKeFgqD9AEAg5BAjD44FoFgAg8g-HEjgN6MECDezYFwapbCRgB4sSgSkGBF8UiEGESgi-6Ar7iQwVgs48gzA4OqNFLAPd8H0mHrQQBK8aHTHofwg-QikHAFEbBHAg8ACMAAGYJ0izi9BoKaAyBjzKUGmHYLCaE4kJJwAZTC3BKFyl0nKdgAB-eUgScCBIAKw51yQguUwScAAE4RiWjLOE1SWiYFwIMSfPAtCWSYHDKg4xa17gACZGmYJkS0lhXhuSRHadETpRAKQQG9IkXpRiTEwCGSM8xqBrF-kQiKBxDgR4uOATQqgmAPHsC4Zec-lBQgYDXl4gxfiq6ihKWEmRXgBCYAEKaTI2UOHsGqYMnOMi_FPK8S8gALKEppFhIkEGiWtBB1SAAcZSiAyKijAU0JwmH6PYEUwJMjXzoEoikZFxSc6ApwJCkFViVF7PpActylDXEIjke4C54zfl4oIAYvpayzHYKnl2JBAAxPsYqIBYD1KcWx9jP70i1N0VlJyixKTLBc3Fei-U-I6TgeZUAYhLJWWg8S9wADMmyZGcnQGsGZawDULJNQKgZ7ArVCvpQhOxg4DkAAkKJElVdQhE4Czhgp8c8tJoQPAEFgAG06VFYWyPkYkRRsAtlwtbIi8SFKUX1JkfC00AwYC8oQW84JYyTIwMmREIgFL0UyIkQigg8M4C9AEPW3I_8GLcOFTYxl-9UBfyOoA8MwBw1EJIXQRMqkTiJpSLO-QCCJ2qTeNAadqAEF5OHpgWdFh51kryQggmF8qJLowkkyMqlGBkJ7RDYAh6iQFMYAmslYhH2BqTVIN9BRsIINQFcKAlikqMEIRu0hf8YIfvXcQ0M8gpDgbg3QO90HcKSFQxkJOU9U7p3fGkau1BmzUnrh2VdFh-A_X4AgjqQpYCmjrN6PS-72D8H-LBCA1BqOsZANUvj_AWPC3gOQC-0wYhcaQDxmc4d6w4mAkx1oMBvSUESNkaEhyXDuHQF4LAAmziq0hEiST_BVDYGrnp1SQm8RhisgScakmJ2CAnNR_gpScAADYcDBPYKaAlnnBleb0yANccaH47n_AeFzIBfjwFECARM701UPI3r-KLRTIUeZ8-6oLIWNyP2ficVMUWAB6AWMvBKCyaBFFo0slI815rLgT_OBYUGYeQCglAgFoE6LIDARMSloL8icponoKCAA",
}
`;

exports[`should fetch an example from react-select 1`] = `
Object {
  "dependencies": Object {
    "@atlaskit/avatar": "latest",
    "@atlaskit/theme": "^2.4.0",
    "react": "15.6.0 - 16.2.0",
    "react-dom": "15.6.0 - 16.2.0",
    "styled-components": "1.4.6 - 3",
  },
  "files": Object {
    "example.js": Object {
      "content": "// @flow
import React from 'react';
import Avatar from '@atlaskit/avatar';
import { Block, Gap } from './packages/elements/avatar/examples-util/helpers';

export default () => (
  <div>
    <Block heading=\\"Circle\\">
      <Avatar name=\\"xxlarge\\" size=\\"xxlarge\\" />
      <Gap />
      <Avatar name=\\"xlarge\\" size=\\"xlarge\\" presence=\\"online\\" />
      <Gap />
      <Avatar name=\\"large\\" size=\\"large\\" presence=\\"offline\\" />
      <Gap />
      <Avatar name=\\"medium\\" size=\\"medium\\" presence=\\"busy\\" />
      <Gap />
      <Avatar name=\\"small\\" size=\\"small\\" presence=\\"focus\\" />
      <Gap />
      <Avatar name=\\"xsmall\\" size=\\"xsmall\\" />
    </Block>
    <Block heading=\\"Square\\">
      <Avatar appearance=\\"square\\" name=\\"xxlarge\\" size=\\"xxlarge\\" />
      <Gap />
      <Avatar
        appearance=\\"square\\"
        name=\\"xlarge\\"
        size=\\"xlarge\\"
        status=\\"approved\\"
      />
      <Gap />
      <Avatar appearance=\\"square\\" name=\\"large\\" size=\\"large\\" status=\\"declined\\" />
      <Gap />
      <Avatar appearance=\\"square\\" name=\\"medium\\" size=\\"medium\\" status=\\"locked\\" />
      <Gap />
      <Avatar appearance=\\"square\\" name=\\"small\\" size=\\"small\\" />
      <Gap />
      <Avatar appearance=\\"square\\" name=\\"xsmall\\" size=\\"xsmall\\" />
    </Block>
  </div>
);
",
    },
    "index.html": Object {
      "content": "<div id=\\"root\\"></div>",
    },
    "index.js": Object {
      "content": "/**
  This CodeSandbox has been automatically generated using a cool tool.

  This generator does not follow relative imports beyond those that reference the
  module root, and as such, other relative imports may fail to load.

  If you are experiencing difficulty contact @noviny on twitter
*/
import React from 'react';
import ReactDOM from 'react-dom';
import Example from './example';

ReactDOM.render(
<Example />,
document.getElementById('root')
);",
    },
    "package.json": Object {
      "content": "{
  \\"name\\": \\"simple-example\\",
  \\"version\\": \\"0.0.0\\",
  \\"description\\": \\"A simple example deployed to CodeSandbox\\",
  \\"main\\": \\"index.js\\",
  \\"dependencies\\": {\\"react\\":\\"15.6.0 - 16.2.0\\",\\"@atlaskit/avatar\\":\\"latest\\",\\"styled-components\\":\\"1.4.6 - 3\\",\\"@atlaskit/theme\\":\\"^2.4.0\\",\\"react-dom\\":\\"15.6.0 - 16.2.0\\"}
}",
    },
    "packages/elements/avatar/examples-util/helpers.js": Object {
      "content": "// @flow
import React from 'react';
import type { Node } from 'react';
import styled from 'styled-components';
import { colors, math, gridSize } from '@atlaskit/theme';

const Wrapper = styled.div\`
  margin-top: \${gridSize}px;
\`;

const ChildrenWrapper = styled.div\`
  align-items: baseline;
  color: \${colors.text};
  display: flex;

  > * {
    margin-right: \${gridSize}px;
  }
\`;

export const Note = styled.p\`
  color: \${colors.N100};
  font-size: \${props => (props.size === 'large' ? '1.15em' : '0.9rem')};
  margin-top: \${math.divide(gridSize, 2)}px;
  margin-bottom: \${math.multiply(gridSize, 2)}px;
\`;

export const Code = styled.code\`
  background-color: \${colors.R50};
  border-radius: 0.2em;
  color: \${colors.R400};
  font-size: 0.85em;
  line-height: 1.1;
  padding: 0.1em 0.4em;
\`;

export const Gap = styled.span\`
  margin-right: \${gridSize}px;
\`;
// $FlowFixMe
export const Dot = styled(Gap)\`
  height: \${math.multiply(gridSize, 3)}px;
  width: \${math.multiply(gridSize, 3)}px;
\`;
export const Heading = styled.div\`
  color: \${colors.subtleHeading};
  display: flex;
  font-size: 0.8rem;
  font-weight: 500;
  margin-bottom: 0.5em;
  text-transform: uppercase;
\`;

export const Block = ({
  children,
  heading,
}: {
  children: ?Node,
  heading?: string,
}) => (
  <Wrapper>
    {heading ? <Heading>{heading}</Heading> : null}
    <ChildrenWrapper>{children}</ChildrenWrapper>
  </Wrapper>
);
",
    },
  },
  "parameters": "N4IgZglgNgpgziAXKCA7AJjAHgOgBYAuAtlEqAMYD2qBMNSIAPOhAG4AEE6AvADogAnSpQL8AfIwD0LVmJABfADQg0mXACsEyEFRp0CDSQCojvVO3YAVPBDjsAwpUwBlAIYYARpSzs8rux4wdOyuAK4ElESuBBDkrlBQAJ7sAOZ0MALRMOjsoXBoKSHsVJRQ7BGlOGZmFta2qemZEQLs6JTw7Kgi7GClUJQA7uwCMFDRbDCcRAAOlAIEATCJ1DkEeJRwk2vRwzBgGXTkW3gwNexETqGww8IEiiEYIXZwoeR49yInLSNjMayTEBmcwW51cyTArmg5Uo7H6rnQVVQZwAkmB2MtQiERuxsNMMhBDgVWhAwJByFcCMldARXOQCOwAAJdVhoZLUcoDCAEWgCMxGSRmQGzebsABKMFp9LAQiI7AA5CNJXKANyCoEi8WSgAiAHkALI9GXyxV0gC0bSIKrVwvpAFEsK4ZtdpZF5ThJNhHdNYFakahNXTdXqcCMMBkABRmRj2r3XSRiRRmNrkoj6HBpAi22CpmgAIUSyPQ4YVtzlAEozGXlQplJ6nTAcJoyDpqLR6IgQJJJIywP0BtbgWKJXTDa6FcOCL6hYOAIKsaKuFou2VyhnRMZwADWXMkrnnNIEU_V9OA7Fz_XIm_uAHFXNN2PJRyv3dNaZvXGk4B7s_ov3uFwIHoOvWcCmuE0CSCcUB4gIcC-mYuKDpgEIUuw4Zluw3BiGhZzMGwYhnBYjDnpQl6-BKLCoCkfAgPYEACOQsDiIRFjsIwc4AZ0jowDRWBYGMAhpPw7D5AAXjx_B8QJQkgOw8YsURt73vJ5isURHEHlxqa8dJpyyWJEkgPxi4yew0wjJsqBHDR1BQGgelyQRqlqYwSmOQpbEaYuWmGbpwkGTRfmyeZ8CHIZlCknZqAOSpamKXe7nOax7H7t5qDcTRqYsKERD-RA4mZdkEA5cJIWWdZ_AeHkiTCbFcWuQldUuV5LTpdp_BwFECR5QVHVdVApUWWFNG9OScC1U5cVsW5TXJS1Pm8Z18QDfp-WGVgS3dbJs1SCRl6Tcle2buR8IFDRzgAI6hIuekHc1qUtHeeKLu4FUgHAV03cJbXrcZgkOQFkl_aZs3xcpd1zQ9HkWE9EqZFZhkfddIz8NDC2SUFaOA0ZmNJWpcA0gQeQ0U9Qj_OgqN44lU0NeDHkpZxsMvQjNFI19sk_YFJkA2tXP_f5hPE_wmCMfZFPbRDYPU_V81M_Db1syjHMZfwWXFblq29SAaslfpgtwIFpGbtkE30zNkueQ9ITTM98uI59Svo-9_U9YjLsS2bjUWwzmly699vIw5nOSZtK0ibzIfu9LRGSEdB1SDITlVmYNYgK-l4fvA34wDmCy7g9QGxvAYExFAkGjDBcCNloFCtvohjdgyvaDAOGoTk-xoTkeNrlIkeLsKeAByTiTI-y6d0qqqoNOIoE4ksA5OPcpzwvppUEC0U0HBU8zyexSlHMcD3FEaz3CkAhcM4a0Ph3q7rv424EJIaw5zA8FWdQBPsAA6pkNsZJhESlIF44BkAAAzOFEQSaBTQRGmIgdgAASYA59L5rXkNMLAU8wFTzMLoL-9gbBQHQKGX-sMWjcCAfPbIoC2AQNUvECAKRUCmi5DnOACCPD-FGPZKeFgqD9AEAg5BAjD44FoFgAg8g-HEjgN6MECDezYFwapbCRgB4sSgSkGBF8UiEGESgi-6Ar7iQwVgs48gzA4OqNFLAPd8H0mHrQQBK8aHTHofwg-QikHAFEbBHAg8ACMAAGYJ0izi9BoKaAyBjzKUGmHYLCaE4kJJwAZTC3BKFyl0nKdgAB-eUgScCBIAKw51yQguUwScAAE4RiWjLOE1SWiYFwIMSfPAtCWSYHDKg4xa17gACZGmYJkS0lhXhuSRHadETpRAKQQG9IkXpRiTEwCGSM8xqBrF-kQiKBxDgR4uOATQqgmAPHsC4Zec-lBQgYDXl4gxfiq6ihKWEmRXgBCYAEKaTI2UOHsGqYMnOMi_FPK8S8gALKEppFhIkEGiWtBB1SAAcZSiAyKijAU0JwmH6PYEUwJMjXzoEoikZFxSc6ApwJCkFViVF7PpActylDXEIjke4C54zfl4oIAYvpayzHYKnl2JBAAxPsYqIBYD1KcWx9jP70i1N0VlJyixKTLBc3Fei-U-I6TgeZUAYhLJWWg8S9wADMmyZGcnQGsGZawDULJNQKgZ7ArVCvpQhOxg4DkAAkKJElVdQhE4Czhgp8c8tJoQPAEFgAG06VFYWyPkYkRRsAtlwtbIi8SFKUX1JkfC00AwYC8oQW84JYyTIwMmREIgFL0UyIkQigg8M4C9AEPW3I_8GLcOFTYxl-9UBfyOoA8MwBw1EJIXQRMqkTiJpSLO-QCCJ2qTeNAadqAEF5OHpgWdFh51kryQggmF8qJLowkkyMqlGBkJ7RDYAh6iQFMYAmslYhH2BqTVIN9BRsIINQFcKAlikqMEIRu0hf8YIfvXcQ0M8gpDgbg3QO90HcKSFQxkJOU9U7p3fGkau1BmzUnrh2VdFh-A_X4AgjqQpYCmjrN6PS-72D8H-LBCA1BqOsZANUvj_AWPC3gOQC-0wYhcaQDxmc4d6w4mAkx1oMBvSUESNkaEhyXDuHQF4LAAmziq0hEiST_BVDYGrnp1SQm8RhisgScakmJ2CAnNR_gpScAADYcDBPYKaAlnnBleb0yANccaH47n_AeFzIBfjwFECARM701UPI3r-KLRTIUeZ8-6oLIWNyP2ficVMUWAB6AWMvBKCyaBFFo0slI815rLgT_OBYUGYeQCglAgFoE6LIDARMSloL8icponoKCAA",
}
`;
